
> frontend@0.1.0 build
> next build

node.exe : ΓÜá 
Warning: Next.js 
inferred your 
workspace root, but 
it may not be 
correct.
At line:1 char:1
+ & "C:\Program Files
\nodejs/node.exe" "C:
\Users\ojasw\AppData\
Roaming\ ...
+ ~~~~~~~~~~~~~~~~~~~
~~~~~~~~~~~~~~~~~~~~~
~~~~~~~~~~~~~~~~~~~~~
~~~~~~~~
    + CategoryInfo   
           : NotSpe  
  cified: (ΓÜá War   
 ning: Ne...not b    
e correct.:Strin    
g) [], RemoteExc    
eption
    + FullyQualified 
   ErrorId : Native  
  CommandError
 
 We detected 
multiple lockfiles 
and selected the 
directory of C:\Users
\ojasw\OneDrive\Deskt
op\package-lock.json 
as the root 
directory.
 To silence this 
warning, set 
`turbopack.root` in 
your Next.js config, 
or consider removing 
one of the lockfiles 
if it's not needed.
   See https://nextjs
.org/docs/app/api-ref
erence/config/next-co
nfig-js/turbopack#roo
t-directory for more 
information.
 Detected additional 
lockfiles: 
   * C:\Users\ojasw\O
neDrive\Desktop\Mits\
frontend\package-lock
.json

Γû▓ Next.js 16.1.6 (Turbopack)
- Environments: .env.local

  Creating an optimized production build ...

> Build error 
occurred
Error: Turbopack 
build failed with 3 
errors:
./Mits/frontend/src/c
omponents/landing/Pro
gramsSection.tsx:4:1
Module not found: 
Can't resolve 'react-
intersection-observer
'
[0m [90m 2 |[39m
 [90m 3 |[39m 
[36mimport[39m { 
useMemo } 
[36mfrom[39m [32m"
react"[39m[33m;[39
m
[31m[1m>[22m[39m
[90m 4 |[39m 
[36mimport[39m { 
useInView } 
[36mfrom[39m [32m"
react-intersection-ob
server"[39m[33m;[3
9m
 [90m   |[39m [31m
[1m^[22m[39m[31m
[1m^[22m[39m[31m[
1m^[22m[39m[31m[1
m^[22m[39m[31m[1m
^[22m[39m[31m[1m^
[22m[39m[31m[1m^
[22m[39m[31m[1m^[
22m[39m[31m[1m^[2
2m[39m[31m[1m^[22
m[39m[31m[1m^[22m
[39m[31m[1m^[22m
[39m[31m[1m^[22m[
39m[31m[1m^[22m[3
9m[31m[1m^[22m[39
m[31m[1m^[22m[39m
[31m[1m^[22m[39m
[31m[1m^[22m[39m[
31m[1m^[22m[39m[3
1m[1m^[22m[39m[31
m[1m^[22m[39m[31m
[1m^[22m[39m[31m
[1m^[22m[39m[31m[
1m^[22m[39m[31m[1
m^[22m[39m[31m[1m
^[22m[39m[31m[1m^
[22m[39m[31m[1m^
[22m[39m[31m[1m^[
22m[39m[31m[1m^[2
2m[39m[31m[1m^[22
m[39m[31m[1m^[22m
[39m[31m[1m^[22m
[39m[31m[1m^[22m[
39m[31m[1m^[22m[3
9m[31m[1m^[22m[39
m[31m[1m^[22m[39m
[31m[1m^[22m[39m
[31m[1m^[22m[39m[
31m[1m^[22m[39m[3
1m[1m^[22m[39m[31
m[1m^[22m[39m[31m
[1m^[22m[39m[31m
[1m^[22m[39m[31m[
1m^[22m[39m[31m[1
m^[22m[39m[31m[1m
^[22m[39m[31m[1m^
[22m[39m[31m[1m^
[22m[39m[31m[1m^[
22m[39m[31m[1m^[2
2m[39m[31m[1m^[22
m[39m[31m[1m^[22m
[39m[31m[1m^[22m
[39m[31m[1m^[22m[
39m[31m[1m^[22m[3
9m
 [90m 5 |[39m
 [90m 6 |[39m 
[36mexport[39m 
[36mdefault[39m 
[36mfunction[39m [
33mProgramsSection[3
9m() {
 [90m 7 |[39m   
[36mconst[39m { 
ref[33m,[39m 
inView } [33m=[39m 
useInView({[0m



Import traces:
  Client Component 
Browser:
    ./Mits/frontend/s
rc/components/landing
/ProgramsSection.tsx 
[Client Component 
Browser]
    ./Mits/frontend/s
rc/app/page.tsx 
[Client Component 
Browser]
    ./Mits/frontend/s
rc/app/page.tsx 
[Server Component]

  Client Component 
SSR:
    ./Mits/frontend/s
rc/components/landing
/ProgramsSection.tsx 
[Client Component 
SSR]
    ./Mits/frontend/s
rc/app/page.tsx 
[Client Component 
SSR]
    ./Mits/frontend/s
rc/app/page.tsx 
[Server Component]

https://nextjs.org/do
cs/messages/module-no
t-found


./Mits/frontend/src/c
omponents/landing/Rea
sonsSection.tsx:3:1
Module not found: 
Can't resolve 'react-
intersection-observer
'
[0m [90m 1 |[39m 
[32m"use client"[39
m[33m;[39m
 [90m 2 |[39m
[31m[1m>[22m[39m
[90m 3 |[39m 
[36mimport[39m { 
useInView } 
[36mfrom[39m [32m"
react-intersection-ob
server"[39m[33m;[3
9m
 [90m   |[39m [31m
[1m^[22m[39m[31m
[1m^[22m[39m[31m[
1m^[22m[39m[31m[1
m^[22m[39m[31m[1m
^[22m[39m[31m[1m^
[22m[39m[31m[1m^
[22m[39m[31m[1m^[
22m[39m[31m[1m^[2
2m[39m[31m[1m^[22
m[39m[31m[1m^[22m
[39m[31m[1m^[22m
[39m[31m[1m^[22m[
39m[31m[1m^[22m[3
9m[31m[1m^[22m[39
m[31m[1m^[22m[39m
[31m[1m^[22m[39m
[31m[1m^[22m[39m[
31m[1m^[22m[39m[3
1m[1m^[22m[39m[31
m[1m^[22m[39m[31m
[1m^[22m[39m[31m
[1m^[22m[39m[31m[
1m^[22m[39m[31m[1
m^[22m[39m[31m[1m
^[22m[39m[31m[1m^
[22m[39m[31m[1m^
[22m[39m[31m[1m^[
22m[39m[31m[1m^[2
2m[39m[31m[1m^[22
m[39m[31m[1m^[22m
[39m[31m[1m^[22m
[39m[31m[1m^[22m[
39m[31m[1m^[22m[3
9m[31m[1m^[22m[39
m[31m[1m^[22m[39m
[31m[1m^[22m[39m
[31m[1m^[22m[39m[
31m[1m^[22m[39m[3
1m[1m^[22m[39m[31
m[1m^[22m[39m[31m
[1m^[22m[39m[31m
[1m^[22m[39m[31m[
1m^[22m[39m[31m[1
m^[22m[39m[31m[1m
^[22m[39m[31m[1m^
[22m[39m[31m[1m^
[22m[39m[31m[1m^[
22m[39m[31m[1m^[2
2m[39m[31m[1m^[22
m[39m[31m[1m^[22m
[39m[31m[1m^[22m
[39m[31m[1m^[22m[
39m[31m[1m^[22m[3
9m
 [90m 4 |[39m
 [90m 5 |[39m 
[36mconst[39m 
reasons [33m=[39m [
 [90m 6 |[39m   
{[0m



Import traces:
  Client Component 
Browser:
    ./Mits/frontend/s
rc/components/landing
/ReasonsSection.tsx 
[Client Component 
Browser]
    ./Mits/frontend/s
rc/app/page.tsx 
[Client Component 
Browser]
    ./Mits/frontend/s
rc/app/page.tsx 
[Server Component]

  Client Component 
SSR:
    ./Mits/frontend/s
rc/components/landing
/ReasonsSection.tsx 
[Client Component 
SSR]
    ./Mits/frontend/s
rc/app/page.tsx 
[Client Component 
SSR]
    ./Mits/frontend/s
rc/app/page.tsx 
[Server Component]

https://nextjs.org/do
cs/messages/module-no
t-found


./Mits/frontend/src/c
omponents/landing/Sta
tsSection.tsx:3:1
Module not found: 
Can't resolve 'react-
intersection-observer
'
[0m [90m 1 |[39m 
[32m"use client"[39
m[33m;[39m
 [90m 2 |[39m
[31m[1m>[22m[39m
[90m 3 |[39m 
[36mimport[39m { 
useInView } 
[36mfrom[39m [32m"
react-intersection-ob
server"[39m[33m;[3
9m
 [90m   |[39m [31m
[1m^[22m[39m[31m
[1m^[22m[39m[31m[
1m^[22m[39m[31m[1
m^[22m[39m[31m[1m
^[22m[39m[31m[1m^
[22m[39m[31m[1m^
[22m[39m[31m[1m^[
22m[39m[31m[1m^[2
2m[39m[31m[1m^[22
m[39m[31m[1m^[22m
[39m[31m[1m^[22m
[39m[31m[1m^[22m[
39m[31m[1m^[22m[3
9m[31m[1m^[22m[39
m[31m[1m^[22m[39m
[31m[1m^[22m[39m
[31m[1m^[22m[39m[
31m[1m^[22m[39m[3
1m[1m^[22m[39m[31
m[1m^[22m[39m[31m
[1m^[22m[39m[31m
[1m^[22m[39m[31m[
1m^[22m[39m[31m[1
m^[22m[39m[31m[1m
^[22m[39m[31m[1m^
[22m[39m[31m[1m^
[22m[39m[31m[1m^[
22m[39m[31m[1m^[2
2m[39m[31m[1m^[22
m[39m[31m[1m^[22m
[39m[31m[1m^[22m
[39m[31m[1m^[22m[
39m[31m[1m^[22m[3
9m[31m[1m^[22m[39
m[31m[1m^[22m[39m
[31m[1m^[22m[39m
[31m[1m^[22m[39m[
31m[1m^[22m[39m[3
1m[1m^[22m[39m[31
m[1m^[22m[39m[31m
[1m^[22m[39m[31m
[1m^[22m[39m[31m[
1m^[22m[39m[31m[1
m^[22m[39m[31m[1m
^[22m[39m[31m[1m^
[22m[39m[31m[1m^
[22m[39m[31m[1m^[
22m[39m[31m[1m^[2
2m[39m[31m[1m^[22
m[39m[31m[1m^[22m
[39m[31m[1m^[22m
[39m[31m[1m^[22m[
39m[31m[1m^[22m[3
9m
 [90m 4 |[39m
 [90m 5 |[39m 
[36mexport[39m 
[36mdefault[39m 
[36mfunction[39m [
33mStatsSection[39m(
) {
 [90m 6 |[39m   
[36mconst[39m { 
ref[33m,[39m 
inView } [33m=[39m 
useInView({[0m



Import traces:
  Client Component 
Browser:
    ./Mits/frontend/s
rc/components/landing
/StatsSection.tsx 
[Client Component 
Browser]
    ./Mits/frontend/s
rc/app/page.tsx 
[Client Component 
Browser]
    ./Mits/frontend/s
rc/app/page.tsx 
[Server Component]

  Client Component 
SSR:
    ./Mits/frontend/s
rc/components/landing
/StatsSection.tsx 
[Client Component 
SSR]
    ./Mits/frontend/s
rc/app/page.tsx 
[Client Component 
SSR]
    ./Mits/frontend/s
rc/app/page.tsx 
[Server Component]

https://nextjs.org/do
cs/messages/module-no
t-found


    at <unknown> (./M
its/frontend/src/comp
onents/landing/Progra
msSection.tsx:4:1)
    at <unknown> (htt
ps://nextjs.org/docs/
messages/module-not-f
ound)
    at <unknown> (./M
its/frontend/src/comp
onents/landing/Reason
sSection.tsx:3:1)
    at <unknown> (htt
ps://nextjs.org/docs/
messages/module-not-f
ound)
    at <unknown> (./M
its/frontend/src/comp
onents/landing/StatsS
ection.tsx:3:1)
    at <unknown> (htt
ps://nextjs.org/docs/
messages/module-not-f
ound)
